\BOOKMARK [0][-]{section*.1}{\376\377\000R\000\351\000s\000u\000m\000\351}{}% 1
\BOOKMARK [0][-]{section*.2}{\376\377\000A\000b\000s\000t\000r\000a\000c\000t}{}% 2
\BOOKMARK [0][-]{section*.4}{\376\377\000L\000i\000s\000t\000\040\000o\000f\000\040\000f\000i\000g\000u\000r\000e\000s}{}% 3
\BOOKMARK [0][-]{section*.6}{\376\377\000L\000i\000s\000t\000\040\000o\000f\000\040\000t\000a\000b\000l\000e\000s}{}% 4
\BOOKMARK [0][-]{section*.8}{\376\377\000L\000i\000s\000t\000\040\000o\000f\000\040\000a\000b\000b\000r\000e\000v\000i\000a\000t\000i\000o\000n\000s}{}% 5
\BOOKMARK [0][-]{section*.11}{\376\377\000G\000e\000n\000e\000r\000a\000l\000\040\000i\000n\000t\000r\000o\000d\000u\000c\000t\000i\000o\000n}{}% 6
\BOOKMARK [0][-]{chapter.1}{\376\377\000C\000o\000n\000t\000e\000x\000t\000\040\000a\000n\000d\000\040\000s\000t\000a\000t\000e\000\040\000o\000f\000\040\000t\000h\000e\000\040\000a\000r\000t}{}% 7
\BOOKMARK [1][-]{section.1.1}{\376\377\000P\000L\000C\000\040\000p\000r\000o\000g\000r\000a\000m\000m\000i\000n\000g}{chapter.1}% 8
\BOOKMARK [1][-]{section.1.2}{\376\377\000S\000e\000q\000u\000e\000n\000t\000i\000a\000l\000\040\000c\000o\000n\000t\000r\000o\000l\000\040\000a\000n\000d\000\040\000G\000R\000A\000F\000C\000E\000T}{chapter.1}% 9
\BOOKMARK [1][-]{section.1.3}{\376\377\000D\000i\000g\000i\000t\000a\000l\000\040\000t\000w\000i\000n\000\040\000a\000n\000d\000\040\000v\000i\000r\000t\000u\000a\000l\000\040\000c\000o\000m\000m\000i\000s\000s\000i\000o\000n\000i\000n\000g}{chapter.1}% 10
\BOOKMARK [1][-]{section.1.4}{\376\377\000M\000a\000c\000h\000i\000n\000e\000\040\000s\000a\000f\000e\000t\000y}{chapter.1}% 11
\BOOKMARK [1][-]{section.1.5}{\376\377\000P\000o\000s\000i\000t\000i\000o\000n\000i\000n\000g\000\040\000o\000f\000\040\000t\000h\000e\000\040\000p\000r\000o\000j\000e\000c\000t}{chapter.1}% 12
\BOOKMARK [0][-]{chapter.2}{\376\377\000S\000y\000s\000t\000e\000m\000\040\000s\000p\000e\000c\000i\000f\000i\000c\000a\000t\000i\000o\000n\000\040\000a\000n\000d\000\040\000a\000r\000c\000h\000i\000t\000e\000c\000t\000u\000r\000e}{}% 13
\BOOKMARK [1][-]{section.2.1}{\376\377\000T\000h\000e\000\040\000s\000i\000m\000u\000l\000a\000t\000e\000d\000\040\000l\000i\000n\000e}{chapter.2}% 14
\BOOKMARK [1][-]{section.2.2}{\376\377\000F\000u\000n\000c\000t\000i\000o\000n\000a\000l\000\040\000r\000e\000q\000u\000i\000r\000e\000m\000e\000n\000t\000s}{chapter.2}% 15
\BOOKMARK [1][-]{section.2.3}{\376\377\000C\000o\000-\000s\000i\000m\000u\000l\000a\000t\000i\000o\000n\000\040\000a\000r\000c\000h\000i\000t\000e\000c\000t\000u\000r\000e}{chapter.2}% 16
\BOOKMARK [1][-]{section.2.4}{\376\377\000I\000n\000t\000e\000r\000f\000a\000c\000e\000\040\000b\000e\000t\000w\000e\000e\000n\000\040\000t\000h\000e\000\040\000p\000r\000o\000g\000r\000a\000m\000\040\000a\000n\000d\000\040\000t\000h\000e\000\040\000t\000w\000i\000n}{chapter.2}% 17
\BOOKMARK [1][-]{section.2.5}{\376\377\000S\000u\000m\000m\000a\000r\000y}{chapter.2}% 18
\BOOKMARK [0][-]{chapter.3}{\376\377\000P\000L\000C\000\040\000p\000r\000o\000g\000r\000a\000m\000\040\000d\000e\000s\000i\000g\000n}{}% 19
\BOOKMARK [1][-]{section.3.1}{\376\377\000P\000r\000o\000g\000r\000a\000m\000\040\000s\000t\000r\000u\000c\000t\000u\000r\000e}{chapter.3}% 20
\BOOKMARK [1][-]{section.3.2}{\376\377\000D\000e\000s\000i\000g\000n\000\040\000p\000r\000i\000n\000c\000i\000p\000l\000e\000s}{chapter.3}% 21
\BOOKMARK [1][-]{section.3.3}{\376\377\000M\000o\000d\000e\000s\000\040\000a\000n\000d\000\040\000s\000a\000f\000e\000t\000y}{chapter.3}% 22
\BOOKMARK [1][-]{section.3.4}{\376\377\000O\000u\000t\000p\000u\000t\000\040\000m\000a\000n\000a\000g\000e\000m\000e\000n\000t}{chapter.3}% 23
\BOOKMARK [1][-]{section.3.5}{\376\377\000S\000u\000m\000m\000a\000r\000y}{chapter.3}% 24
\BOOKMARK [0][-]{chapter.4}{\376\377\000S\000o\000r\000t\000i\000n\000g\000\040\000s\000e\000q\000u\000e\000n\000c\000e}{}% 25
\BOOKMARK [1][-]{section.4.1}{\376\377\000P\000r\000i\000n\000c\000i\000p\000l\000e}{chapter.4}% 26
\BOOKMARK [1][-]{section.4.2}{\376\377\000G\000R\000A\000F\000C\000E\000T}{chapter.4}% 27
\BOOKMARK [1][-]{section.4.3}{\376\377\000P\000i\000p\000e\000l\000i\000n\000e\000d\000\040\000e\000m\000i\000s\000s\000i\000o\000n}{chapter.4}% 28
\BOOKMARK [1][-]{section.4.4}{\376\377\000C\000o\000u\000n\000t\000i\000n\000g\000\040\000a\000n\000d\000\040\000i\000m\000p\000l\000e\000m\000e\000n\000t\000a\000t\000i\000o\000n}{chapter.4}% 29
\BOOKMARK [1][-]{section.4.5}{\376\377\000S\000u\000m\000m\000a\000r\000y}{chapter.4}% 30
\BOOKMARK [0][-]{chapter.5}{\376\377\000E\000l\000e\000c\000t\000r\000i\000c\000a\000l\000\040\000d\000e\000s\000i\000g\000n\000\040\000o\000f\000\040\000t\000h\000e\000\040\000c\000o\000n\000t\000r\000o\000l\000\040\000c\000a\000b\000i\000n\000e\000t}{}% 31
\BOOKMARK [1][-]{section.5.1}{\376\377\000S\000c\000o\000p\000e\000\040\000a\000n\000d\000\040\000a\000s\000s\000u\000m\000p\000t\000i\000o\000n\000s}{chapter.5}% 32
\BOOKMARK [1][-]{section.5.2}{\376\377\000C\000a\000b\000i\000n\000e\000t\000\040\000a\000r\000c\000h\000i\000t\000e\000c\000t\000u\000r\000e}{chapter.5}% 33
\BOOKMARK [1][-]{section.5.3}{\376\377\000I\000n\000p\000u\000t\000\040\000a\000n\000d\000\040\000o\000u\000t\000p\000u\000t\000\040\000a\000l\000l\000o\000c\000a\000t\000i\000o\000n}{chapter.5}% 34
\BOOKMARK [1][-]{section.5.4}{\376\377\0002\0004\000\040\000V\000\040\000D\000C\000\040\000s\000u\000p\000p\000l\000y}{chapter.5}% 35
\BOOKMARK [1][-]{section.5.5}{\376\377\000E\000m\000e\000r\000g\000e\000n\000c\000y\000\040\000s\000t\000o\000p\000\040\000a\000n\000d\000\040\000i\000n\000t\000e\000r\000l\000o\000c\000k\000s}{chapter.5}% 36
\BOOKMARK [1][-]{section.5.6}{\376\377\000D\000r\000a\000w\000i\000n\000g\000s}{chapter.5}% 37
\BOOKMARK [1][-]{section.5.7}{\376\377\000S\000u\000m\000m\000a\000r\000y}{chapter.5}% 38
\BOOKMARK [0][-]{chapter.6}{\376\377\000V\000a\000l\000i\000d\000a\000t\000i\000o\000n\000\040\000a\000n\000d\000\040\000r\000e\000s\000u\000l\000t\000s}{}% 39
\BOOKMARK [1][-]{section.6.1}{\376\377\000T\000e\000s\000t\000\040\000p\000l\000a\000n}{chapter.6}% 40
\BOOKMARK [1][-]{section.6.2}{\376\377\000T\000h\000r\000o\000u\000g\000h\000p\000u\000t}{chapter.6}% 41
\BOOKMARK [1][-]{section.6.3}{\376\377\000E\000m\000b\000e\000d\000d\000e\000d\000\040\000p\000e\000r\000f\000o\000r\000m\000a\000n\000c\000e\000\040\000i\000n\000d\000i\000c\000a\000t\000o\000r\000s}{chapter.6}% 42
\BOOKMARK [2][-]{subsection.6.3.1}{\376\377\000I\000n\000t\000e\000r\000f\000a\000c\000e}{section.6.3}% 43
\BOOKMARK [2][-]{subsection.6.3.2}{\376\377\000C\000o\000m\000p\000u\000t\000a\000t\000i\000o\000n}{section.6.3}% 44
\BOOKMARK [2][-]{subsection.6.3.3}{\376\377\000C\000o\000m\000p\000a\000r\000i\000s\000o\000n\000\040\000w\000i\000t\000h\000\040\000t\000h\000e\000\040\000s\000t\000o\000p\000w\000a\000t\000c\000h\000\040\000m\000e\000a\000s\000u\000r\000e\000m\000e\000n\000t}{section.6.3}% 45
\BOOKMARK [2][-]{subsection.6.3.4}{\376\377\000U\000s\000e\000\040\000o\000n\000\040\000a\000n\000\040\000H\000M\000I}{section.6.3}% 46
\BOOKMARK [1][-]{section.6.4}{\376\377\000D\000e\000c\000i\000s\000i\000o\000n\000s\000\040\000t\000a\000k\000e\000n\000\040\000d\000u\000r\000i\000n\000g\000\040\000c\000o\000m\000m\000i\000s\000s\000i\000o\000n\000i\000n\000g}{chapter.6}% 47
\BOOKMARK [1][-]{section.6.5}{\376\377\000P\000r\000o\000j\000e\000c\000t\000\040\000o\000r\000g\000a\000n\000i\000z\000a\000t\000i\000o\000n}{chapter.6}% 48
\BOOKMARK [0][-]{section*.42}{\376\377\000G\000e\000n\000e\000r\000a\000l\000\040\000c\000o\000n\000c\000l\000u\000s\000i\000o\000n}{}% 49
\BOOKMARK [0][-]{section*.43}{\376\377\000R\000e\000f\000e\000r\000e\000n\000c\000e\000s}{}% 50
\BOOKMARK [0][-]{appendix.A}{\376\377\000I\000n\000p\000u\000t\000\040\000a\000n\000d\000\040\000o\000u\000t\000p\000u\000t\000\040\000l\000i\000s\000t\000s}{}% 51
\BOOKMARK [0][-]{appendix.B}{\376\377\000E\000l\000e\000c\000t\000r\000i\000c\000a\000l\000\040\000d\000r\000a\000w\000i\000n\000g\000s}{}% 52
